// Jest Snapshot v1, https://goo.gl/fbAQLP

exports[`Widget Functions getCSSVariables should return the correct CSS variables 1`] = `
"--widget-background: #ffffff;
--text-tile-background: #000000;
--text-tile-font-color: #333333;
--text-tile-link-color: #ff0000;
--text-tile-user-name-font-color: #0000ff;
--text-tile-user-handle-font-color: #00ff00;
--text-tile-tag-font-color: #333333;
--shopspot-btn-background: #ff00ff;
--shopspot-btn-font-color: #00ffff;
--margin: 10px;
--text-tile-font-size: 16px;
--text-caption-paragraph-font-size: 16px;
--text-tile-user-name-font-size: 16px;
--text-tile-user-handle-font-size: 12px;
--show-caption: none;
--tile-timephrase-display: inline-block;
--shopspot-icon: #000;
--tags-gap: 4px;
--cta-button-background-color: #ff00ff;
--cta-button-font-color: #00ffff;
--cta-button-font-size: undefinedpx;
--expanded-tile-border-radius: 5px;
--tile-size: 265.5px;
--tile-size-unitless: 265.5;
--tile-tag-background: #bcbbbc;
--inline-tile-border-radius: undefinedpx;
--tags-display: none;
--shopspots-display: none;"
`;
